// Jest Snapshot v1, https://goo.gl/fbAQLP

exports[`Tests for <FirstApp /> should match with the snapshot 1`] = `
<div>
  <h1>
    Not title
  </h1>
  <h3>
    0
  </h3>
  <p>
    Juan
  </p>
  <code>
    {"title":"Hello","message":"David"}
  </code>
  <p>
    Good morning!
  </p>
  <p>
    Result: 
    7
  </p>
</div>
`;
